// Jest Snapshot v1, https://goo.gl/fbAQLP

exports[`components Callback should render itself 1`] = `
<div
  className="container"
>
  <h4>
    Loading...
  </h4>
</div>
`;
