// Jest Snapshot v1, https://goo.gl/fbAQLP

exports[`components Sidebar renders itself 1`] = `
<div
  className="sidebar"
>
  <ul>
    <li>
      <a
        href="namespace"
      >
        Namespaces
      </a>
    </li>
    <li>
      <a
        href="pod"
      >
        Pods
      </a>
    </li>
  </ul>
</div>
`;
