// Jest Snapshot v1, https://goo.gl/fbAQLP

exports[`components NamespaceList should render itself and its subcomponents when namespaceObjects === 0 1`] = `
<div
  className="namespace-list-container"
>
  <h2>
    List Namespaces
  </h2>
  <p>
    Loading namespaces...
  </p>
</div>
`;
